// Jest Snapshot v1, https://goo.gl/fbAQLP

exports[`should match snapshot 1`] = `
<DocumentFragment>
  <figure>
    <div
      class="imageContainer"
    >
      <div
        class="aspectRatioOuter"
        style="max-width: 100%;"
      >
        <div
          class="aspectRatioInner"
        >
          <div
            class="preloadPlaceholder"
            style="background-image: url(null);"
          />
        </div>
      </div>
    </div>
  </figure>
</DocumentFragment>
`;
