// Jest Snapshot v1, https://goo.gl/fbAQLP

exports[`snap diff 1`] = `
"Snapshot Diff:
- closed state (three dots)
+ open state (cross)

  <DocumentFragment>
    <button
      class=\\"btn\\"
      type=\\"button\\"
    >
      <div
        class=\\"dot\\"
-       style=\\"top: 0px; width: 4px; height: 4px; border-radius: 50%;\\"
+       style=\\"top: -1px; width: 24px; height: 2px; border-radius: 0%;\\"
      />
      <div
        class=\\"dot\\"
-       style=\\"width: 4px; height: 4px; opacity: 1;\\"
+       style=\\"width: 4px; height: 4px; opacity: 0;\\"
      />
      <div
        class=\\"dot\\"
-       style=\\"bottom: 0px; width: 4px; height: 4px; border-radius: 50%;\\"
+       style=\\"bottom: -1px; width: 24px; height: 2px; border-radius: 0%;\\"
      />
    </button>
  </DocumentFragment>"
`;
