// Jest Snapshot v1, https://goo.gl/fbAQLP

exports[`should match snapshot 1`] = `
<DocumentFragment>
  <button
    class="btn"
    type="button"
  >
    <div
      style="top: 0px; width: 4px; height: 4px; border-radius: 50%;"
    />
    <div
      style="opacity: 1;"
    />
    <div
      style="bottom: 0px; width: 4px; height: 4px; border-radius: 50%;"
    />
  </button>
</DocumentFragment>
`;
